Microsoft Windows [Version 10.0.19045.5131]
(c) Microsoft Corporation. All rights reserved.

C:\Users\user1>mysql -u root -p
Enter password: *******
ERROR 1045 (28000): Access denied for user 'root'@'localhost' (using password: YES)

C:\Users\user1>mysql -u root -p
Enter password: *******
Welcome to the MySQL monitor.  Commands end with ; or \g.
Your MySQL connection id is 31
Server version: 8.0.40 MySQL Community Server - GPL

Copyright (c) 2000, 2024, Oracle and/or its affiliates.

Oracle is a registered trademark of Oracle Corporation and/or its
affiliates. Other names may be trademarks of their respective
owners.

Type 'help;' or '\h' for help. Type '\c' to clear the current input statement.

mysql> CREATE DATABASE KHTSHOPPING
    -> ^C
mysql> CREATE DATABASE KHTSHOPPING;
Query OK, 1 row affected (0.01 sec)

mysql> CREATE DATABASE KHTUSER;
Query OK, 1 row affected (0.00 sec)

mysql> CREATE DATABASE KHTCAFE;
Query OK, 1 row affected (0.00 sec)

mysql> CREATE USER 'president'@'%' IDENTIFIED BY 'kht1234';
Query OK, 0 rows affected (0.01 sec)

mysql> GRANDT ALL PRIVILENGES ON KHTSHOPPING.* TO 'president'@'%';
ERROR 1064 (42000): You have an error in your SQL syntax; check the manual that corresponds to your MySQL server version for the right syntax to use near 'GRANDT ALL PRIVILENGES ON KHTSHOPPING.* TO 'president'@'%'' at line 1
mysql> GRANT ALL PRIVILEGES ON KHTSHOPPING.* TO 'president'@'%';
Query OK, 0 rows affected (0.00 sec)

mysql> GRANT ALL PRIVILEGES ON KHTUSER.* TO 'president'@'%';
Query OK, 0 rows affected (0.00 sec)

mysql> GRANT ALL PRIVILEGES ON KHTCAFE.* TO 'president'@'%';
Query OK, 0 rows affected (0.00 sec)

mysql> FLUSH PRIVILEGES;
Query OK, 0 rows affected (0.00 sec)

mysql>exit