Microsoft Windows [Version 10.0.19045.5131]
(c) Microsoft Corporation. All rights reserved.

C:\Users\user1>mysql -u root -p
Enter password: *******
Welcome to the MySQL monitor.  Commands end with ; or \g.
Your MySQL connection id is 14
Server version: 8.0.40 MySQL Community Server - GPL

Copyright (c) 2000, 2024, Oracle and/or its affiliates.

Oracle is a registered trademark of Oracle Corporation and/or its
affiliates. Other names may be trademarks of their respective
owners.

Type 'help;' or '\h' for help. Type '\c' to clear the current input statement.

mysql> CREAT DATABASE KHTDB;
ERROR 1064 (42000): You have an error in your SQL syntax; check the manual that corresponds to your MySQL server version for the right syntax to use near 'CREAT DATABASE KHTDB' at line 1
mysql> CREATE DATABASE KHTDB;
Query OK, 1 row affected (0.01 sec)

mysql> CREATE USER 'kht'@'%' IDENTIFIED BY 'KHT1234';
Query OK, 0 rows affected (0.01 sec)

mysql> GRANT ALL PRIVIEGES ON KHTDB.* TO 'KHT'@'%';
ERROR 1064 (42000): You have an error in your SQL syntax; check the manual that corresponds to your MySQL server version for the right syntax to use near 'PRIVIEGES ON KHTDB.* TO 'KHT'@'%'' at line 1
mysql> GRANT ALL PRIVILEGES ON KHTDB.* TO 'kht'@'%';
Query OK, 0 rows affected (0.00 sec)

mysql> FLUSH PRIVILEGES;
Query OK, 0 rows affected (0.00 sec)

mysql> SELECT CURRENT_DATE;
+--------------+
| CURRENT_DATE |
+--------------+
| 2024-12-13   |
+--------------+
1 row in set (0.00 sec)

mysql> SELECT 4+1;
+-----+
| 4+1 |
+-----+
|   5 |
+-----+
1 row in set (0.00 sec)

mysql> CREATE DATABASE khtworkbook;
Query OK, 1 row affected (0.00 sec)

mysql> CREATE USER 'khttest'@'%' IDENTIFIED BY 'kht1234';
Query OK, 0 rows affected (0.01 sec)

mysql> GRANT ALL PRIVILENGES ON khtworkbook.* TO 'khttest'@'%';
ERROR 1064 (42000): You have an error in your SQL syntax; check the manual that corresponds to your MySQL server version for the right syntax to use near 'PRIVILENGES ON khtworkbook.* TO 'khttest'@'%'' at line 1
mysql> GRANT ALL PRIVILEGES ON khtworkbook.* TO 'khttest'@'%';
Query OK, 0 rows affected (0.00 sec)

mysql> FLUSH PRIVILEGES;
Query OK, 0 rows affected (0.00 sec)

mysql>